2026-05-25 19:19:23,325 [INFO] ======================================================================
2026-05-25 19:19:23,325 [INFO] Semantic Alignment Verification Experiment
2026-05-25 19:19:23,326 [INFO] Device: cuda | Latent dim: 32 | Epochs: 15
2026-05-25 19:19:23,326 [INFO] Seeds: A=42, B=123
2026-05-25 19:19:23,326 [INFO] ======================================================================
2026-05-25 19:19:23,326 [INFO] Loading MNIST dataset...
2026-05-25 19:23:59,725 [INFO] Train: 60000 samples, Test: 10000 samples
2026-05-25 19:23:59,725 [INFO] 
──────────────────────────────────────────────────
2026-05-25 19:23:59,726 [INFO] STEP 1: Training Model A
2026-05-25 19:23:59,726 [INFO] ──────────────────────────────────────────────────
2026-05-25 19:24:06,859 [INFO] [Model_A] Epoch 1/15 | Train Loss: 0.4418 | Test Loss: 0.1531 | Accuracy: 95.35% | Time: 6.0s
2026-05-25 19:24:14,036 [INFO] [Model_A] Epoch 2/15 | Train Loss: 0.1691 | Test Loss: 0.1221 | Accuracy: 96.36% | Time: 6.3s
2026-05-25 19:24:21,392 [INFO] [Model_A] Epoch 3/15 | Train Loss: 0.1293 | Test Loss: 0.0949 | Accuracy: 97.15% | Time: 6.5s
2026-05-25 19:24:28,624 [INFO] ======================================================================
2026-05-25 19:24:28,625 [INFO] Semantic Alignment Verification Experiment
2026-05-25 19:24:28,625 [INFO] Device: cuda | Latent dim: 32 | Epochs: 10
2026-05-25 19:24:28,625 [INFO] Seeds: A=42, B=123
2026-05-25 19:24:28,625 [INFO] ======================================================================
2026-05-25 19:24:28,625 [INFO] Loading MNIST dataset...
2026-05-25 19:24:28,712 [INFO] Train: 60000 samples, Test: 10000 samples
2026-05-25 19:24:28,712 [INFO] 
──────────────────────────────────────────────────
2026-05-25 19:24:28,712 [INFO] STEP 1: Training Model A
2026-05-25 19:24:28,713 [INFO] ──────────────────────────────────────────────────
2026-05-25 19:24:28,714 [INFO] [Model_A] Epoch 4/15 | Train Loss: 0.1062 | Test Loss: 0.0866 | Accuracy: 97.57% | Time: 6.4s
2026-05-25 19:24:34,912 [INFO] [Model_A] Epoch 1/10 | Train Loss: 0.5571 | Test Loss: 0.1675 | Accuracy: 94.92% | Time: 5.3s
2026-05-25 19:24:34,985 [INFO] [Model_A] Epoch 5/15 | Train Loss: 0.0910 | Test Loss: 0.0733 | Accuracy: 97.86% | Time: 5.5s
2026-05-25 19:24:41,312 [INFO] [Model_A] Epoch 2/10 | Train Loss: 0.1862 | Test Loss: 0.1214 | Accuracy: 96.29% | Time: 5.6s
2026-05-25 19:24:41,976 [INFO] [Model_A] Epoch 6/15 | Train Loss: 0.0628 | Test Loss: 0.0692 | Accuracy: 98.07% | Time: 6.2s
2026-05-25 19:24:47,779 [INFO] [Model_A] Epoch 3/10 | Train Loss: 0.1356 | Test Loss: 0.0981 | Accuracy: 96.97% | Time: 5.6s
2026-05-25 19:24:49,160 [INFO] [Model_A] Epoch 7/15 | Train Loss: 0.0534 | Test Loss: 0.0628 | Accuracy: 98.25% | Time: 6.2s
2026-05-25 19:24:54,725 [INFO] [Model_A] Epoch 4/10 | Train Loss: 0.1089 | Test Loss: 0.0851 | Accuracy: 97.52% | Time: 6.2s
2026-05-25 19:24:56,358 [INFO] [Model_A] Epoch 8/15 | Train Loss: 0.0496 | Test Loss: 0.0700 | Accuracy: 98.14% | Time: 6.3s
2026-05-25 19:25:01,097 [INFO] [Model_A] Epoch 5/10 | Train Loss: 0.0939 | Test Loss: 0.0771 | Accuracy: 97.69% | Time: 5.6s
2026-05-25 19:25:04,085 [INFO] [Model_A] Epoch 9/15 | Train Loss: 0.0451 | Test Loss: 0.0630 | Accuracy: 98.24% | Time: 6.7s
2026-05-25 19:25:08,312 [INFO] [Model_A] Epoch 6/10 | Train Loss: 0.0670 | Test Loss: 0.0662 | Accuracy: 97.98% | Time: 6.3s
2026-05-25 19:25:11,573 [INFO] [Model_A] Epoch 10/15 | Train Loss: 0.0431 | Test Loss: 0.0718 | Accuracy: 98.14% | Time: 6.5s
2026-05-25 19:25:15,120 [INFO] [Model_A] Epoch 7/10 | Train Loss: 0.0568 | Test Loss: 0.0602 | Accuracy: 98.30% | Time: 5.9s
2026-05-25 19:25:19,098 [INFO] [Model_A] Epoch 11/15 | Train Loss: 0.0321 | Test Loss: 0.0658 | Accuracy: 98.42% | Time: 6.7s
2026-05-25 19:25:21,947 [INFO] [Model_A] Epoch 8/10 | Train Loss: 0.0544 | Test Loss: 0.0631 | Accuracy: 98.14% | Time: 6.0s
2026-05-25 19:25:26,064 [INFO] [Model_A] Epoch 12/15 | Train Loss: 0.0275 | Test Loss: 0.0686 | Accuracy: 98.40% | Time: 6.1s
2026-05-25 19:25:28,397 [INFO] [Model_A] Epoch 9/10 | Train Loss: 0.0482 | Test Loss: 0.0660 | Accuracy: 98.24% | Time: 5.6s
2026-05-25 19:25:33,511 [INFO] [Model_A] Epoch 13/15 | Train Loss: 0.0266 | Test Loss: 0.0696 | Accuracy: 98.31% | Time: 6.5s
2026-05-25 19:25:35,116 [INFO] [Model_A] Epoch 10/10 | Train Loss: 0.0473 | Test Loss: 0.0660 | Accuracy: 98.09% | Time: 5.9s
2026-05-25 19:25:35,132 [INFO] 
──────────────────────────────────────────────────
2026-05-25 19:25:35,132 [INFO] STEP 2: Training Model B
2026-05-25 19:25:35,132 [INFO] ──────────────────────────────────────────────────
2026-05-25 19:25:40,931 [INFO] [Model_A] Epoch 14/15 | Train Loss: 0.0248 | Test Loss: 0.0717 | Accuracy: 98.32% | Time: 6.5s
2026-05-25 19:25:41,992 [INFO] [Model_B] Epoch 1/10 | Train Loss: 0.5416 | Test Loss: 0.1643 | Accuracy: 94.78% | Time: 5.8s
2026-05-25 19:25:48,192 [INFO] [Model_A] Epoch 15/15 | Train Loss: 0.0272 | Test Loss: 0.0652 | Accuracy: 98.41% | Time: 6.4s
2026-05-25 19:25:48,192 [INFO] 
──────────────────────────────────────────────────
2026-05-25 19:25:48,192 [INFO] STEP 2: Training Model B
2026-05-25 19:25:48,192 [INFO] ──────────────────────────────────────────────────
2026-05-25 19:25:48,518 [INFO] [Model_B] Epoch 2/10 | Train Loss: 0.1806 | Test Loss: 0.1143 | Accuracy: 96.57% | Time: 5.6s
2026-05-25 19:25:54,974 [INFO] [Model_B] Epoch 3/10 | Train Loss: 0.1297 | Test Loss: 0.1002 | Accuracy: 97.09% | Time: 5.6s
2026-05-25 19:25:55,275 [INFO] [Model_B] Epoch 1/15 | Train Loss: 0.4417 | Test Loss: 0.1524 | Accuracy: 95.28% | Time: 6.2s
2026-05-25 19:26:01,488 [INFO] [Model_B] Epoch 4/10 | Train Loss: 0.1071 | Test Loss: 0.0834 | Accuracy: 97.47% | Time: 5.7s
2026-05-25 19:26:02,291 [INFO] [Model_B] Epoch 2/15 | Train Loss: 0.1671 | Test Loss: 0.1155 | Accuracy: 96.69% | Time: 6.2s
2026-05-25 19:26:08,209 [INFO] [Model_B] Epoch 5/10 | Train Loss: 0.0949 | Test Loss: 0.0859 | Accuracy: 97.29% | Time: 5.8s
2026-05-25 19:26:09,827 [INFO] [Model_B] Epoch 3/15 | Train Loss: 0.1294 | Test Loss: 0.0993 | Accuracy: 97.21% | Time: 6.6s
2026-05-25 19:26:14,942 [INFO] [Model_B] Epoch 6/10 | Train Loss: 0.0665 | Test Loss: 0.0761 | Accuracy: 97.75% | Time: 5.7s
2026-05-25 19:26:16,863 [INFO] [Model_B] Epoch 4/15 | Train Loss: 0.1039 | Test Loss: 0.0906 | Accuracy: 97.14% | Time: 6.2s
2026-05-25 19:26:21,286 [INFO] [Model_B] Epoch 7/10 | Train Loss: 0.0553 | Test Loss: 0.0727 | Accuracy: 97.99% | Time: 5.5s
2026-05-25 19:26:24,016 [INFO] [Model_B] Epoch 5/15 | Train Loss: 0.0917 | Test Loss: 0.0804 | Accuracy: 97.73% | Time: 6.3s
2026-05-25 19:26:27,859 [INFO] [Model_B] Epoch 8/10 | Train Loss: 0.0512 | Test Loss: 0.0669 | Accuracy: 98.04% | Time: 5.7s
2026-05-25 19:26:31,580 [INFO] [Model_B] Epoch 6/15 | Train Loss: 0.0644 | Test Loss: 0.0724 | Accuracy: 97.98% | Time: 6.7s
2026-05-25 19:26:34,852 [INFO] [Model_B] Epoch 9/10 | Train Loss: 0.0481 | Test Loss: 0.0735 | Accuracy: 97.94% | Time: 6.2s
2026-05-25 19:26:38,717 [INFO] [Model_B] Epoch 7/15 | Train Loss: 0.0553 | Test Loss: 0.0670 | Accuracy: 98.22% | Time: 6.3s
2026-05-25 19:26:41,097 [INFO] [Model_B] Epoch 10/10 | Train Loss: 0.0459 | Test Loss: 0.0646 | Accuracy: 98.17% | Time: 5.4s
2026-05-25 19:26:41,097 [INFO] 
──────────────────────────────────────────────────
2026-05-25 19:26:41,097 [INFO] STEP 3: Cross-model evaluation
2026-05-25 19:26:41,098 [INFO] ──────────────────────────────────────────────────
2026-05-25 19:26:42,180 [INFO] [A_enc+B_dec] Cross-model accuracy: 5.28% | Loss: 6.4468
2026-05-25 19:26:43,029 [INFO] [B_enc+A_dec] Cross-model accuracy: 7.47% | Loss: 8.3969
2026-05-25 19:26:43,029 [INFO] 
──────────────────────────────────────────────────
2026-05-25 19:26:43,029 [INFO] STEP 4: Latent space analysis
2026-05-25 19:26:43,029 [INFO] ──────────────────────────────────────────────────
2026-05-25 19:26:43,817 [INFO] [Model_A] Latent stats — mean_norm: 8.4043, avg_inter_class_dist: 12.4333
2026-05-25 19:26:44,620 [INFO] [Model_B] Latent stats — mean_norm: 7.3440, avg_inter_class_dist: 12.0946
2026-05-25 19:26:44,620 [INFO] Latent space cosine similarity: 0.770010
2026-05-25 19:26:44,620 [INFO] Latent space L2 distance (mean): 5.4328
2026-05-25 19:26:44,620 [INFO] 
──────────────────────────────────────────────────
2026-05-25 19:26:44,620 [INFO] STEP 5: Saving results
2026-05-25 19:26:44,620 [INFO] ──────────────────────────────────────────────────
2026-05-25 19:26:44,635 [INFO] 
======================================================================
2026-05-25 19:26:44,635 [INFO] EXPERIMENT SUMMARY
2026-05-25 19:26:44,635 [INFO] ======================================================================
2026-05-25 19:26:44,635 [INFO] Model A accuracy:              98.09%
2026-05-25 19:26:44,635 [INFO] Model B accuracy:              98.17%
2026-05-25 19:26:44,635 [INFO] A_encoder + B_decoder:         5.28%
2026-05-25 19:26:44,635 [INFO] B_encoder + A_decoder:         7.47%
2026-05-25 19:26:44,635 [INFO] Accuracy drop (A_enc+B_dec):   92.81%
2026-05-25 19:26:44,635 [INFO] Accuracy drop (B_enc+A_dec):   90.70%
2026-05-25 19:26:44,635 [INFO] Latent cosine similarity:      0.770010
2026-05-25 19:26:44,635 [INFO] Latent L2 distance:            5.4328
2026-05-25 19:26:44,635 [INFO] ======================================================================
2026-05-25 19:26:44,635 [INFO] Results saved to: C:\Users\qinyi\.openclaw\workspace\semantic_alignment\results
2026-05-25 19:26:45,527 [INFO] [Model_B] Epoch 8/15 | Train Loss: 0.0504 | Test Loss: 0.0635 | Accuracy: 98.10% | Time: 5.9s
2026-05-25 19:26:52,840 [INFO] [Model_B] Epoch 9/15 | Train Loss: 0.0472 | Test Loss: 0.0684 | Accuracy: 98.08% | Time: 6.4s
2026-05-25 19:27:00,150 [INFO] [Model_B] Epoch 10/15 | Train Loss: 0.0457 | Test Loss: 0.0695 | Accuracy: 98.09% | Time: 6.4s
2026-05-25 19:27:07,584 [INFO] [Model_B] Epoch 11/15 | Train Loss: 0.0346 | Test Loss: 0.0672 | Accuracy: 98.26% | Time: 6.5s
2026-05-25 19:27:14,887 [INFO] [Model_B] Epoch 12/15 | Train Loss: 0.0279 | Test Loss: 0.0599 | Accuracy: 98.43% | Time: 6.4s
2026-05-25 19:27:22,099 [INFO] [Model_B] Epoch 13/15 | Train Loss: 0.0276 | Test Loss: 0.0651 | Accuracy: 98.36% | Time: 6.4s
2026-05-25 19:27:29,376 [INFO] [Model_B] Epoch 14/15 | Train Loss: 0.0260 | Test Loss: 0.0660 | Accuracy: 98.35% | Time: 6.4s
2026-05-25 19:27:36,536 [INFO] [Model_B] Epoch 15/15 | Train Loss: 0.0251 | Test Loss: 0.0668 | Accuracy: 98.33% | Time: 6.3s
2026-05-25 19:27:36,536 [INFO] 
──────────────────────────────────────────────────
2026-05-25 19:27:36,536 [INFO] STEP 3: Cross-model evaluation
2026-05-25 19:27:36,536 [INFO] ──────────────────────────────────────────────────
2026-05-25 19:27:37,401 [INFO] [A_enc+B_dec] Cross-model accuracy: 1.75% | Loss: 6.6031
2026-05-25 19:27:38,281 [INFO] [B_enc+A_dec] Cross-model accuracy: 8.83% | Loss: 7.5795
2026-05-25 19:27:38,281 [INFO] 
──────────────────────────────────────────────────
2026-05-25 19:27:38,281 [INFO] STEP 4: Latent space analysis
2026-05-25 19:27:38,281 [INFO] ──────────────────────────────────────────────────
2026-05-25 19:27:39,114 [INFO] [Model_A] Latent stats — mean_norm: 8.7612, avg_inter_class_dist: 15.7397
2026-05-25 19:27:39,954 [INFO] [Model_B] Latent stats — mean_norm: 7.9640, avg_inter_class_dist: 15.5713
2026-05-25 19:27:39,954 [INFO] Latent space cosine similarity: 0.777333
2026-05-25 19:27:39,954 [INFO] Latent space L2 distance (mean): 5.6310
2026-05-25 19:27:39,954 [INFO] 
──────────────────────────────────────────────────
2026-05-25 19:27:39,954 [INFO] STEP 5: Saving results
2026-05-25 19:27:39,954 [INFO] ──────────────────────────────────────────────────
2026-05-25 19:27:39,962 [INFO] 
======================================================================
2026-05-25 19:27:39,962 [INFO] EXPERIMENT SUMMARY
2026-05-25 19:27:39,962 [INFO] ======================================================================
2026-05-25 19:27:39,962 [INFO] Model A accuracy:              98.41%
2026-05-25 19:27:39,962 [INFO] Model B accuracy:              98.33%
2026-05-25 19:27:39,962 [INFO] A_encoder + B_decoder:         1.75%
2026-05-25 19:27:39,962 [INFO] B_encoder + A_decoder:         8.83%
2026-05-25 19:27:39,962 [INFO] Accuracy drop (A_enc+B_dec):   96.66%
2026-05-25 19:27:39,962 [INFO] Accuracy drop (B_enc+A_dec):   89.50%
2026-05-25 19:27:39,962 [INFO] Latent cosine similarity:      0.777333
2026-05-25 19:27:39,962 [INFO] Latent L2 distance:            5.6310
2026-05-25 19:27:39,962 [INFO] ======================================================================
2026-05-25 19:27:39,962 [INFO] Results saved to: C:\Users\qinyi\.openclaw\workspace\semantic_alignment\results
